_bcode                    0xC0010000  *ABS*         linker script
idle                      0xC0010350  .code         lcc87630.o
save                      0xC0010364  .code         lcc87630.o
resume                    0xC0010394  .code         lcc87630.o
savfp                     0xC001040C  .code         lcc87630.o
restfp                    0xC0010410  .code         lcc87630.o
flushTLB                  0xC001042C  .code         lcc87630.o
setTLB                    0xC0010460  .code         lcc87630.o
syncCaches                0xC0010474  .code         lcc87630.o
enableInt                 0xC001047C  .code         lcc87630.o
disableInt                0xC0010498  .code         lcc87630.o
restoreInt                0xC00104B8  .code         lcc87630.o
getMask                   0xC00104E4  .code         lcc87630.o
setMask                   0xC00104F0  .code         lcc87630.o
getISR                    0xC0010510  .code         lcc87630.o
setISR                    0xC0010528  .code         lcc87630.o
sysacct                   0xC0010550  .code         lcc87633.o
acct                      0xC0010690  .code         lcc87633.o
compress                  0xC00108F8  .code         lcc87633.o
showSuperBlock            0xC0010954  .code         lcc87634.o
iinit                     0xC0010B44  .code         lcc87634.o
alloc                     0xC0010CAC  .code         lcc87634.o
free                      0xC0010E90  .code         lcc87634.o
badblock                  0xC0010FDC  .code         lcc87634.o
ialloc                    0xC0011038  .code         lcc87634.o
ifree                     0xC001134C  .code         lcc87634.o
getfs                     0xC00113F0  .code         lcc87634.o
update                    0xC00114AC  .code         lcc87634.o
binit                     0xC0011680  .code         lcc87635.o
bread                     0xC0011810  .code         lcc87635.o
breada                    0xC00118CC  .code         lcc87635.o
bwrite                    0xC0011A3C  .code         lcc87635.o
bdwrite                   0xC0011B20  .code         lcc87635.o
bawrite                   0xC0011BC4  .code         lcc87635.o
brelse                    0xC0011C24  .code         lcc87635.o
incore                    0xC0011DC4  .code         lcc87635.o
getblk                    0xC0011E34  .code         lcc87635.o
geteblk                   0xC001205C  .code         lcc87635.o
iowait                    0xC001219C  .code         lcc87635.o
notavail                  0xC00121E8  .code         lcc87635.o
iodone                    0xC0012248  .code         lcc87635.o
clrbuf                    0xC00122D4  .code         lcc87635.o
swap                      0xC0012358  .code         lcc87635.o
bflush                    0xC0012540  .code         lcc87635.o
physio                    0xC00125FC  .code         lcc87635.o
geterror                  0xC0012938  .code         lcc87635.o
addupc                    0xC0012A28  .code         lcc87637.o
clock                     0xC0012A58  .code         lcc87637.o
timeout                   0xC0012E10  .code         lcc87637.o
getf                      0xC0012F14  .code         lcc87638.o
closef                    0xC0012FF4  .code         lcc87638.o
openi                     0xC0013198  .code         lcc87638.o
access                    0xC00132C4  .code         lcc87638.o
owner                     0xC00134C4  .code         lcc87638.o
suser                     0xC0013618  .code         lcc87638.o
ufalloc                   0xC00136F0  .code         lcc87638.o
falloc                    0xC00137E4  .code         lcc87638.o
iget                      0xC0013A08  .code         lcc87639.o
iput                      0xC0013C48  .code         lcc87639.o
iupdat                    0xC0013D1C  .code         lcc87639.o
itrunc                    0xC0013F6C  .code         lcc87639.o
maknode                   0xC001407C  .code         lcc87639.o
wdir                      0xC001417C  .code         lcc87639.o
debugBreak                0xC0014298  .code         lcc876310.o
copyFrame                 0xC001429C  .code         lcc876310.o
clearFrame                0xC0014360  .code         lcc876310.o
copyIn                    0xC00143EC  .code         lcc876310.o
copyOut                   0xC0014498  .code         lcc876310.o
fubyte                    0xC0014544  .code         lcc876310.o
fuword                    0xC00145E0  .code         lcc876310.o
subyte                    0xC0014678  .code         lcc876310.o
suword                    0xC0014720  .code         lcc876310.o
strlen                    0xC00147C4  .code         lcc876310.o
strcpy                    0xC00147F8  .code         lcc876310.o
printf                    0xC0015094  .code         lcc876310.o
panic                     0xC00150CC  .code         lcc876310.o
prdev                     0xC0015104  .code         lcc876310.o
deverror                  0xC0015148  .code         lcc876310.o
initInterrupts            0xC00151D4  .code         lcc876311.o
getMemorySize             0xC0015240  .code         lcc876311.o
spl0                      0xC00152E4  .code         lcc876311.o
spl1                      0xC001530C  .code         lcc876311.o
spl4                      0xC0015334  .code         lcc876311.o
spl5                      0xC001535C  .code         lcc876311.o
spl6                      0xC0015384  .code         lcc876311.o
spl7                      0xC00153AC  .code         lcc876311.o
splx                      0xC00153CC  .code         lcc876311.o
clockInit                 0xC001542C  .code         lcc876311.o
sendsig                   0xC0015494  .code         lcc876311.o
sigret                    0xC0015594  .code         lcc876311.o
setDebugOutput            0xC0015614  .code         lcc876312.o
main                      0xC0015AA8  .code         lcc876312.o
malloc                    0xC0016190  .code         lcc876313.o
mfree                     0xC00162E8  .code         lcc876313.o
mmopen                    0xC0016504  .code         lcc876314.o
mmclose                   0xC0016508  .code         lcc876314.o
mmread                    0xC001650C  .code         lcc876314.o
mmwrite                   0xC00165E0  .code         lcc876314.o
namei                     0xC00166D0  .code         lcc876315.o
schar                     0xC0016D08  .code         lcc876315.o
uchar                     0xC0016D38  .code         lcc876315.o
pipe                      0xC0016DA4  .code         lcc876317.o
readp                     0xC0016EC0  .code         lcc876317.o
writep                    0xC0016FB8  .code         lcc876317.o
plock                     0xC0017128  .code         lcc876317.o
prele                     0xC00171A4  .code         lcc876317.o
getc                      0xC0017228  .code         lcc876318.o
q_to_b                    0xC001736C  .code         lcc876318.o
ndqb                      0xC00174FC  .code         lcc876318.o
ndflush                   0xC00175F0  .code         lcc876318.o
putc                      0xC00177AC  .code         lcc876318.o
b_to_q                    0xC00178E0  .code         lcc876318.o
cinit                     0xC0017A44  .code         lcc876318.o
readi                     0xC0017B30  .code         lcc876319.o
writei                    0xC0017DE8  .code         lcc876319.o
max                       0xC001804C  .code         lcc876319.o
min                       0xC0018060  .code         lcc876319.o
iomove                    0xC0018074  .code         lcc876319.o
ideSize                   0xC00186D0  .code         lcc876320.o
ideOpen                   0xC0018798  .code         lcc876320.o
ideClose                  0xC00187F8  .code         lcc876320.o
ideStrategy               0xC0018970  .code         lcc876320.o
ideRead                   0xC0018C5C  .code         lcc876320.o
ideWrite                  0xC0018CC0  .code         lcc876320.o
serSize                   0xC001962C  .code         lcc876321.o
serOpen                   0xC0019718  .code         lcc876321.o
serClose                  0xC0019778  .code         lcc876321.o
serStrategy               0xC00197D8  .code         lcc876321.o
serRead                   0xC0019980  .code         lcc876321.o
serWrite                  0xC00199E4  .code         lcc876321.o
sdcSize                   0xC001AE2C  .code         lcc876322.o
sdcOpen                   0xC001AF18  .code         lcc876322.o
sdcClose                  0xC001AF78  .code         lcc876322.o
sdcStrategy               0xC001AFD8  .code         lcc876322.o
sdcRead                   0xC001B180  .code         lcc876322.o
sdcWrite                  0xC001B1E4  .code         lcc876322.o
ramSize                   0xC001B248  .code         lcc876323.o
ramOpen                   0xC001B28C  .code         lcc876323.o
ramClose                  0xC001B2D4  .code         lcc876323.o
ramStrategy               0xC001B35C  .code         lcc876323.o
trmOpen                   0xC001B614  .code         lcc876324.o
trmClose                  0xC001B714  .code         lcc876324.o
trmRead                   0xC001B750  .code         lcc876324.o
trmWrite                  0xC001B788  .code         lcc876324.o
trmIoctl                  0xC001B7C0  .code         lcc876324.o
terminalOut               0xC001B82C  .code         lcc876324.o
signal                    0xC001B860  .code         lcc876325.o
psignal                   0xC001B8D0  .code         lcc876325.o
issig                     0xC001B9A0  .code         lcc876325.o
stop                      0xC001BA40  .code         lcc876325.o
psig                      0xC001BB00  .code         lcc876325.o
fsig                      0xC001BC70  .code         lcc876325.o
core                      0xC001BCB8  .code         lcc876325.o
grow                      0xC001BEAC  .code         lcc876325.o
ptrace                    0xC001C118  .code         lcc876325.o
procxmt                   0xC001C34C  .code         lcc876325.o
showProcTable             0xC001C864  .code         lcc876326.o
sleep                     0xC001CB90  .code         lcc876326.o
wakeup                    0xC001CD4C  .code         lcc876326.o
setrq                     0xC001CE5C  .code         lcc876326.o
setrun                    0xC001CF00  .code         lcc876326.o
setpri                    0xC001CFFC  .code         lcc876326.o
sched                     0xC001D0BC  .code         lcc876326.o
swapin                    0xC001D368  .code         lcc876326.o
qswtch                    0xC001D4CC  .code         lcc876326.o
swtch                     0xC001D4F8  .code         lcc876326.o
newproc                   0xC001D738  .code         lcc876326.o
expand                    0xC001DAC0  .code         lcc876326.o
bmap                      0xC001DC24  .code         lcc876327.o
passc                     0xC001E150  .code         lcc876327.o
cpass                     0xC001E270  .code         lcc876327.o
bcopy                     0xC001E380  .code         lcc876327.o
syopen                    0xC001E414  .code         lcc876328.o
syclose                   0xC001E494  .code         lcc876328.o
syread                    0xC001E498  .code         lcc876328.o
sywrite                   0xC001E4E4  .code         lcc876328.o
syioctl                   0xC001E530  .code         lcc876328.o
getadr                    0xC001E594  .code         lcc876329.o
exece                     0xC001E6CC  .code         lcc876329.o
getxfile                  0xC001EB50  .code         lcc876329.o
setregs                   0xC001F0D4  .code         lcc876329.o
rexit                     0xC001F2A0  .code         lcc876329.o
exit                      0xC001F2DC  .code         lcc876329.o
wait                      0xC001F520  .code         lcc876329.o
fork                      0xC001F6C8  .code         lcc876329.o
sbreak                    0xC001F8D0  .code         lcc876329.o
read                      0xC001FAF4  .code         lcc876330.o
write                     0xC001FB10  .code         lcc876330.o
rdwr                      0xC001FB2C  .code         lcc876330.o
open                      0xC001FCDC  .code         lcc876330.o
creat                     0xC001FD68  .code         lcc876330.o
open1                     0xC001FE38  .code         lcc876330.o
close                     0xC001FF8C  .code         lcc876330.o
seek                      0xC001FFF8  .code         lcc876330.o
link                      0xC00200CC  .code         lcc876330.o
mknod                     0xC0020258  .code         lcc876330.o
saccess                   0xC0020320  .code         lcc876330.o
fstat                     0xC0020470  .code         lcc876331.o
stat                      0xC00204EC  .code         lcc876331.o
stat1                     0xC0020570  .code         lcc876331.o
dup                       0xC00206A0  .code         lcc876331.o
smount                    0xC00207A0  .code         lcc876331.o
sumount                   0xC0020A20  .code         lcc876331.o
getmdev                   0xC0020BA4  .code         lcc876331.o
gtime                     0xC0020C6C  .code         lcc876332.o
ftime                     0xC0020C90  .code         lcc876332.o
stime                     0xC0020D54  .code         lcc876332.o
setuid                    0xC0020D9C  .code         lcc876332.o
getuid                    0xC0020E30  .code         lcc876332.o
setgid                    0xC0020E74  .code         lcc876332.o
getgid                    0xC0020EF0  .code         lcc876332.o
getpid                    0xC0020F34  .code         lcc876332.o
sync                      0xC0020F80  .code         lcc876332.o
nice                      0xC0020F98  .code         lcc876332.o
unlink                    0xC0021024  .code         lcc876332.o
chdir                     0xC002120C  .code         lcc876332.o
chroot                    0xC0021230  .code         lcc876332.o
chdirec                   0xC002125C  .code         lcc876332.o
chmod                     0xC0021348  .code         lcc876332.o
chown                     0xC0021424  .code         lcc876332.o
ssig                      0xC00214A0  .code         lcc876332.o
kill                      0xC0021580  .code         lcc876332.o
times                     0xC00216D0  .code         lcc876332.o
profil                    0xC002172C  .code         lcc876332.o
alarm                     0xC00217CC  .code         lcc876332.o
pause                     0xC0021830  .code         lcc876332.o
umask                     0xC002185C  .code         lcc876332.o
utime                     0xC00218C0  .code         lcc876332.o
ttyopen                   0xC0021974  .code         lcc876334.o
ttychars                  0xC0021A04  .code         lcc876334.o
ttyclose                  0xC0021A48  .code         lcc876334.o
ioctl                     0xC0021A78  .code         lcc876334.o
ttioccomm                 0xC0021BA0  .code         lcc876334.o
wflushtty                 0xC0021F10  .code         lcc876334.o
flushtty                  0xC0021F80  .code         lcc876334.o
canon                     0xC0022014  .code         lcc876334.o
ttyrend                   0xC0022270  .code         lcc876334.o
ttyinput                  0xC0022358  .code         lcc876334.o
ttyblock                  0xC0022604  .code         lcc876334.o
ttyoutput                 0xC00226B0  .code         lcc876334.o
ttrstrt                   0xC00229C8  .code         lcc876334.o
ttstart                   0xC0022A04  .code         lcc876334.o
ttread                    0xC0022A54  .code         lcc876334.o
ttwrite                   0xC0022ACC  .code         lcc876334.o
xswap                     0xC0022BA0  .code         lcc876335.o
xfree                     0xC0022CD4  .code         lcc876335.o
xalloc                    0xC0022DF4  .code         lcc876335.o
xexpand                   0xC00230B8  .code         lcc876335.o
xlock                     0xC00231A0  .code         lcc876335.o
xunlock                   0xC00231FC  .code         lcc876335.o
xccdec                    0xC0023248  .code         lcc876335.o
xumount                   0xC00232F8  .code         lcc876335.o
xrele                     0xC0023360  .code         lcc876335.o
xuntext                   0xC00233D0  .code         lcc876335.o
trapInit                  0xC00237EC  .code         lcc876336.o
trapISR                   0xC00238C8  .code         lcc876336.o
initPaging                0xC00241DC  .code         lcc876337.o
estabur                   0xC002435C  .code         lcc876337.o
sureg                     0xC00244C4  .code         lcc876337.o
checkAddrs                0xC0024720  .code         lcc876337.o
logfileOut                0xC00247C4  .code         lcc876338.o
consoleIn                 0xC00247E0  .code         lcc876339.o
consoleOut                0xC0024830  .code         lcc876339.o
dspinit                   0xC0024884  .code         lcc876340.o
dspoutchk                 0xC00248C4  .code         lcc876340.o
dspout                    0xC00248CC  .code         lcc876340.o
kbdinit                   0xC0024B40  .code         lcc876341.o
kbdinchk                  0xC0024B44  .code         lcc876341.o
kbdin                     0xC0024B58  .code         lcc876341.o
xltbl1                    0xC0024CB4  .code         lcc876342.o
xltbl2                    0xC0024DB4  .code         lcc876342.o
_ecode                    0xC0024EB4  *ABS*         linker script
_bdata                    0xC0025000  *ABS*         linker script
proc0uarea                0xC0025000  .data         lcc87630.o
allocStart                0xC0025004  .data         lcc87630.o
debugIinit                0xC0025088  .data         lcc87634.o
debugAlloc                0xC002508C  .data         lcc87634.o
debugFree                 0xC0025090  .data         lcc87634.o
debugIalloc               0xC0025094  .data         lcc87634.o
debugIfree                0xC0025098  .data         lcc87634.o
debugUpdate               0xC002509C  .data         lcc87634.o
debugBinit                0xC0025350  .data         lcc87635.o
debugBread                0xC0025354  .data         lcc87635.o
debugBreada               0xC0025358  .data         lcc87635.o
debugBwrite               0xC002535C  .data         lcc87635.o
debugBdwrite              0xC0025360  .data         lcc87635.o
debugBawrite              0xC0025364  .data         lcc87635.o
debugBrelse               0xC0025368  .data         lcc87635.o
debugGetblk               0xC002536C  .data         lcc87635.o
debugGeteblk              0xC0025370  .data         lcc87635.o
debugIodone               0xC0025374  .data         lcc87635.o
debugClrbuf               0xC0025378  .data         lcc87635.o
debugSwap                 0xC002537C  .data         lcc87635.o
debugBflush               0xC0025380  .data         lcc87635.o
debugPhysio               0xC0025384  .data         lcc87635.o
bdevsw                    0xC0025648  .data         lcc87636.o
cdevsw                    0xC0025710  .data         lcc87636.o
linesw                    0xC00258A0  .data         lcc87636.o
nldisp                    0xC00258C8  .data         lcc87636.o
debugGetf                 0xC0025900  .data         lcc87638.o
debugClosef               0xC0025904  .data         lcc87638.o
debugOpeni                0xC0025908  .data         lcc87638.o
debugAccess               0xC002590C  .data         lcc87638.o
debugOwner                0xC0025910  .data         lcc87638.o
debugSuser                0xC0025914  .data         lcc87638.o
debugUfalloc              0xC0025918  .data         lcc87638.o
debugFalloc               0xC002591C  .data         lcc87638.o
debugIget                 0xC0025B18  .data         lcc87639.o
debugIput                 0xC0025B1C  .data         lcc87639.o
debugIupdat               0xC0025B20  .data         lcc87639.o
debugItrunc               0xC0025B24  .data         lcc87639.o
debugMaknode              0xC0025B28  .data         lcc87639.o
debugWdir                 0xC0025B2C  .data         lcc87639.o
debugCopyFrame            0xC0025C64  .data         lcc876310.o
debugClearFrame           0xC0025C68  .data         lcc876310.o
debugCopyIn               0xC0025C6C  .data         lcc876310.o
debugCopyOut              0xC0025C70  .data         lcc876310.o
debugFubyte               0xC0025C74  .data         lcc876310.o
debugFuword               0xC0025C78  .data         lcc876310.o
debugSubyte               0xC0025C7C  .data         lcc876310.o
debugSuword               0xC0025C80  .data         lcc876310.o
outputToLogfile           0xC0025C84  .data         lcc876310.o
outputToConsole           0xC0025C88  .data         lcc876310.o
outputToTerminal          0xC0025C8C  .data         lcc876310.o
debugStartup              0xC0026230  .data         lcc876312.o
debugMalloc               0xC0026428  .data         lcc876313.o
debugNamei                0xC002652C  .data         lcc876315.o
partab                    0xC0026584  .data         lcc876316.o
debugPlock                0xC0026604  .data         lcc876317.o
debugPrele                0xC0026608  .data         lcc876317.o
debugCinit                0xC0026650  .data         lcc876318.o
debugReadi                0xC0026674  .data         lcc876319.o
debugWritei               0xC0026678  .data         lcc876319.o
debugIomove               0xC002667C  .data         lcc876319.o
debugIdeDisk              0xC0026710  .data         lcc876320.o
debugSerDisk              0xC002690C  .data         lcc876321.o
debugSdcDisk              0xC0026BB8  .data         lcc876322.o
debugRamDisk              0xC0026F14  .data         lcc876323.o
debugPsignal              0xC0026FE4  .data         lcc876325.o
debugGrow                 0xC0026FE8  .data         lcc876325.o
debugSleep                0xC00270C0  .data         lcc876326.o
debugWakeup               0xC00270C4  .data         lcc876326.o
debugSetpri               0xC00270C8  .data         lcc876326.o
debugSched                0xC00270CC  .data         lcc876326.o
debugSwtch                0xC00270D0  .data         lcc876326.o
debugNewproc              0xC00270D4  .data         lcc876326.o
debugExpand               0xC00270D8  .data         lcc876326.o
debugBmap                 0xC00272F0  .data         lcc876327.o
debugBcopy                0xC00272F4  .data         lcc876327.o
sysent                    0xC0027414  .data         lcc876333.o
maptab                    0xC0027614  .data         lcc876334.o
debugSyscall              0xC0027728  .data         lcc876336.o
debugTrap                 0xC002772C  .data         lcc876336.o
regloc                    0xC0027730  .data         lcc876336.o
debugPagingParams         0xC0027934  .data         lcc876337.o
debugPageTableMiss        0xC0027938  .data         lcc876337.o
debugEstabur              0xC002793C  .data         lcc876337.o
debugSureg                0xC0027940  .data         lcc876337.o
debugCheckAddrs           0xC0027944  .data         lcc876337.o
_bbss                     0xC0027D20  *ABS*         linker script
_edata                    0xC0027D20  *ABS*         linker script
mount                     0xC0027D20  .bss          lcc87634.o
updlock                   0xC0027D80  .bss          lcc87634.o
buffers                   0xC0027D84  .bss          lcc87635.o
swbuf2                    0xC0044D84  .bss          lcc87635.o
swbuf1                    0xC0044DB0  .bss          lcc87635.o
buf                       0xC0044DDC  .bss          lcc87635.o
bootdsk                   0xC00452D8  .bss          lcc87636.o
acctp                     0xC00452DC  .bss          lcc87636.o
acctbuf                   0xC00452E0  .bss          lcc87636.o
inode                     0xC0045304  .bss          lcc87636.o
file                      0xC0048824  .bss          lcc87636.o
text                      0xC0049058  .bss          lcc87636.o
bfreelist                 0xC00492D8  .bss          lcc87636.o
pipedev                   0xC0049304  .bss          lcc87636.o
swapdev                   0xC0049308  .bss          lcc87636.o
rootdev                   0xC004930C  .bss          lcc87636.o
nchrdev                   0xC0049310  .bss          lcc87636.o
nblkdev                   0xC0049314  .bss          lcc87636.o
time                      0xC0049318  .bss          lcc87637.o
callout                   0xC004931C  .bss          lcc87637.o
lbolt                     0xC004940C  .bss          lcc87637.o
rootdir                   0xC0049414  .bss          lcc876312.o
swapmap                   0xC0049418  .bss          lcc876313.o
coremap                   0xC00495A8  .bss          lcc876313.o
cfreelist                 0xC0049738  .bss          lcc876318.o
cfree                     0xC004973C  .bss          lcc876318.o
rablock                   0xC004A3BC  .bss          lcc876319.o
ideTab                    0xC004A5EC  .bss          lcc876320.o
serTab                    0xC004A848  .bss          lcc876321.o
sdcTab                    0xC004AAA4  .bss          lcc876322.o
ramTab                    0xC004AAD0  .bss          lcc876323.o
ipc                       0xC004AB54  .bss          lcc876325.o
slpque                    0xC004AB64  .bss          lcc876326.o
proc                      0xC004AC64  .bss          lcc876326.o
curpri                    0xC004C17C  .bss          lcc876326.o
runrun                    0xC004C17D  .bss          lcc876326.o
runout                    0xC004C17E  .bss          lcc876326.o
runin                     0xC004C17F  .bss          lcc876326.o
mpid                      0xC004C180  .bss          lcc876326.o
runq                      0xC004C184  .bss          lcc876326.o
canonb                    0xC004C188  .bss          lcc876334.o
_ebss                     0xC004CA9C  *ABS*         linker script
